------------------------------------------------------------
TimeQuest Timing Analyzer Summary
------------------------------------------------------------

Type  : Slow 1200mV 85C Model Setup 'clk1'
Slack : -20.975
TNS   : -803.780

Type  : Slow 1200mV 85C Model Hold 'clk1'
Slack : 0.483
TNS   : 0.000

Type  : Slow 1200mV 85C Model Recovery 'clk1'
Slack : 2.334
TNS   : 0.000

Type  : Slow 1200mV 85C Model Removal 'clk1'
Slack : 3.195
TNS   : 0.000

Type  : Slow 1200mV 85C Model Minimum Pulse Width 'clk1'
Slack : 3.239
TNS   : 0.000

Type  : Slow 1200mV 0C Model Setup 'clk1'
Slack : -19.805
TNS   : -743.831

Type  : Slow 1200mV 0C Model Hold 'clk1'
Slack : 0.455
TNS   : 0.000

Type  : Slow 1200mV 0C Model Recovery 'clk1'
Slack : 2.339
TNS   : 0.000

Type  : Slow 1200mV 0C Model Removal 'clk1'
Slack : 3.142
TNS   : 0.000

Type  : Slow 1200mV 0C Model Minimum Pulse Width 'clk1'
Slack : 3.239
TNS   : 0.000

Type  : Fast 1200mV 0C Model Setup 'clk1'
Slack : -6.560
TNS   : -222.024

Type  : Fast 1200mV 0C Model Hold 'clk1'
Slack : 0.162
TNS   : 0.000

Type  : Fast 1200mV 0C Model Recovery 'clk1'
Slack : 3.695
TNS   : 0.000

Type  : Fast 1200mV 0C Model Removal 'clk1'
Slack : 2.310
TNS   : 0.000

Type  : Fast 1200mV 0C Model Minimum Pulse Width 'clk1'
Slack : 3.272
TNS   : 0.000

------------------------------------------------------------
