------------------------------------------------------------
TimeQuest Timing Analyzer Summary
------------------------------------------------------------

Type  : Slow 1200mV 85C Model Setup 'clk1'
Slack : -20.762
TNS   : -797.624

Type  : Slow 1200mV 85C Model Hold 'clk1'
Slack : 0.465
TNS   : 0.000

Type  : Slow 1200mV 85C Model Recovery 'clk1'
Slack : 3.712
TNS   : 0.000

Type  : Slow 1200mV 85C Model Removal 'clk1'
Slack : 1.927
TNS   : 0.000

Type  : Slow 1200mV 85C Model Minimum Pulse Width 'clk1'
Slack : 3.239
TNS   : 0.000

Type  : Slow 1200mV 0C Model Setup 'clk1'
Slack : -19.569
TNS   : -738.969

Type  : Slow 1200mV 0C Model Hold 'clk1'
Slack : 0.433
TNS   : 0.000

Type  : Slow 1200mV 0C Model Recovery 'clk1'
Slack : 3.679
TNS   : 0.000

Type  : Slow 1200mV 0C Model Removal 'clk1'
Slack : 1.934
TNS   : 0.000

Type  : Slow 1200mV 0C Model Minimum Pulse Width 'clk1'
Slack : 3.239
TNS   : 0.000

Type  : Fast 1200mV 0C Model Setup 'clk1'
Slack : -6.420
TNS   : -218.710

Type  : Fast 1200mV 0C Model Hold 'clk1'
Slack : 0.161
TNS   : 0.000

Type  : Fast 1200mV 0C Model Recovery 'clk1'
Slack : 4.242
TNS   : 0.000

Type  : Fast 1200mV 0C Model Removal 'clk1'
Slack : 2.071
TNS   : 0.000

Type  : Fast 1200mV 0C Model Minimum Pulse Width 'clk1'
Slack : 3.272
TNS   : 0.000

------------------------------------------------------------
